// Jest Snapshot v1, https://goo.gl/fbAQLP

exports[`Card to match snapshot 1`] = `
<div>
  <div
    class="sc-beySbM jjocZY"
  >
    <div
      class="sc-guDLRT iNtUdv"
    >
      Header
    </div>
    <div
      class="sc-dmyDGi eLRzBR"
    >
      Body
    </div>
    <div
      class="sc-hLQRIN jpAfFX"
    >
      Footer
    </div>
  </div>
</div>
`;
