// Jest Snapshot v1, https://goo.gl/fbAQLP

exports[`Card to match snapshot 1`] = `
<div>
  <div
    class="sc-bcXHqe ckRTDt"
  >
    <div
      class="sc-gswNZR bpxppQ"
    >
      Header
    </div>
    <div
      class="sc-dkrFOg fqOARu"
    >
      Body
    </div>
    <div
      class="sc-hLBbgP llWduq"
    >
      Footer
    </div>
  </div>
</div>
`;
