// Jest Snapshot v1, https://goo.gl/fbAQLP

exports[`List to match snapshot 1`] = `
<div>
  <div
    class="sc-beySbM eigaaq"
  >
    <div
      class="sc-guDLRT jlkDGc"
    >
      Item
    </div>
    <div
      class="sc-guDLRT jlkDGc"
    >
      Item
    </div>
    <div
      class="sc-guDLRT bPHRUW"
    >
      Item
    </div>
  </div>
</div>
`;
