// Jest Snapshot v1, https://goo.gl/fbAQLP

exports[`List to match snapshot 1`] = `
<div>
  <div
    class="sc-bcXHqe eMxnOj"
  >
    <div
      class="sc-gswNZR dHkxzH"
    >
      Item
    </div>
    <div
      class="sc-gswNZR dHkxzH"
    >
      Item
    </div>
    <div
      class="sc-gswNZR QBVwh"
    >
      Item
    </div>
  </div>
</div>
`;
