// Jest Snapshot v1, https://goo.gl/fbAQLP

exports[`Stat to match snapshot 1`] = `
<div>
  <div
    class="sc-bcXHqe bkZvkA"
  >
    <div
      class="sc-gswNZR WLYH"
    >
      Collected Fees
    </div>
    <div
      class="sc-dkrFOg ifqGqD"
    >
      £0.00
    </div>
    <div
      class="sc-hLBbgP kYIjrx"
    >
      Feb 12 - Feb 28
    </div>
  </div>
</div>
`;
