// Jest Snapshot v1, https://goo.gl/fbAQLP

exports[`Alert to match snapshot 1`] = `
<div>
  <div
    class="sc-beySbM HOEaZ"
    type="info"
  >
    <div
      class="sc-guDLRT imaiJM"
    >
      Title
    </div>
    <div
      class="sc-dmyDGi"
    >
      Description
    </div>
  </div>
</div>
`;
